#Git configuration
git config --global user.name "username"
git config --global user.email "user@email.com"

#Reading Git current configuration
->get user name
git config user.name
->get user email
git config user.email

#Creating a Local Repository that contain working Tree and staging area.
mkdir repos
cd repos
mkdir myproj
cd myproj
git init
Initialized empty Git repository in C:/Users/Nassim/repos/myproj/.git/
ls -a
.  ..  .git

#Commit to a local repository using command line.
1-
under the file directory
myproj$ git status
On branch master
Initial commit
nothing to commit (create/copy files and use "git add" to track)
-> That's mean the directory is empty
myproj$ touch fileA
-> Creating file named "fileA"
myproj$ git status
On branch master
Initial commit
Untracked files:
  (use "git add <file>..." to include in what will be committed)
        fileA.txt
nothing added to commit but untracked files present (use "git add" to track)
-> The file is UNTRACKED.
-> Show that the directory contain fileA and suggest to add it using "git add".

2- Using git add the add content to the staging area.
stage content is part of the next commit.
myproj$ git add fileA.txt
myproj$ git status
On branch master
Initial commit
Changes to be committed:
  (use "git rm --cached <file>..." to unstage)
        new file:   fileA.txt
-> Shows that there is a chaingins in the staging area that could be commited to the repository.
***

git add command contain multiple option to add single file or a directory or just "git add ." that add all the content under the directory we are working on.

#Commit content using git commit
Using git commit command to add stage content to the local repository as a commit.
REVIEW:
git status -> View the status of files in the working tree and staging area.
git add -> adds untracked or midified files to the staging area.
git commit ->Creates a snapshot of the current project.
git log -> View the commit history.

# Ceate remote repository.
Clone and add
Clone is a local copy of a remote repository.
git clone
is a command used to create a copy of a local repository for a remote repository.



 
